main.cpp:86:6:void HAL_UART_RxCpltCallback(UART_HandleTypeDef*)	24	static
main.cpp:119:5:int main()	72	static
main.cpp:209:6:void SystemClock_Config()	136	static
main.cpp:261:13:void MX_CRC_Init()	8	static
main.cpp:287:13:void MX_I2C3_Init()	8	static
main.cpp:333:6:void MX_SPI5_Init()	8	static
main.cpp:371:13:void MX_UART5_Init()	8	static
main.cpp:404:13:void MX_USART1_UART_Init()	8	static
main.cpp:437:13:void MX_GPIO_Init()	64	static
main.cpp:524:6:void StartSecondTask(const void*)	16	static
main.cpp:545:6:void StartDefaultTask(const void*)	16	static
main.cpp:569:6:void HAL_TIM_PeriodElapsedCallback(TIM_HandleTypeDef*)	16	static
main.cpp:586:6:void Error_Handler()	4	static
