TouchGFXInit.hpp:42:14:void __tcf_1()	0	static
Partition.hpp:94:22:uint16_t touchgfx::Partition<ListOfTypes, NUMBER_OF_ELEMENTS>::capacity() const [with ListOfTypes = touchgfx::meta::TypeList<touchgfx::SlideTransition<(touchgfx::Direction)2>, touchgfx::meta::TypeList<touchgfx::meta::Nil, touchgfx::meta::Nil> >; short unsigned int NUMBER_OF_ELEMENTS = 1]	0	static
Partition.hpp:110:22:uint32_t touchgfx::Partition<ListOfTypes, NUMBER_OF_ELEMENTS>::element_size() [with ListOfTypes = touchgfx::meta::TypeList<touchgfx::SlideTransition<(touchgfx::Direction)2>, touchgfx::meta::TypeList<touchgfx::meta::Nil, touchgfx::meta::Nil> >; short unsigned int NUMBER_OF_ELEMENTS = 1]	0	static
Partition.hpp:128:19:void* touchgfx::Partition<ListOfTypes, NUMBER_OF_ELEMENTS>::element(uint16_t) [with ListOfTypes = touchgfx::meta::TypeList<touchgfx::SlideTransition<(touchgfx::Direction)2>, touchgfx::meta::TypeList<touchgfx::meta::Nil, touchgfx::meta::Nil> >; short unsigned int NUMBER_OF_ELEMENTS = 1]	0	static
Partition.hpp:144:25:const void* touchgfx::Partition<ListOfTypes, NUMBER_OF_ELEMENTS>::element(uint16_t) const [with ListOfTypes = touchgfx::meta::TypeList<touchgfx::SlideTransition<(touchgfx::Direction)2>, touchgfx::meta::TypeList<touchgfx::meta::Nil, touchgfx::meta::Nil> >; short unsigned int NUMBER_OF_ELEMENTS = 1]	0	static
Partition.hpp:94:22:uint16_t touchgfx::Partition<ListOfTypes, NUMBER_OF_ELEMENTS>::capacity() const [with ListOfTypes = touchgfx::meta::TypeList<Screen1View, touchgfx::meta::TypeList<touchgfx::meta::Nil, touchgfx::meta::Nil> >; short unsigned int NUMBER_OF_ELEMENTS = 1]	0	static
Partition.hpp:110:22:uint32_t touchgfx::Partition<ListOfTypes, NUMBER_OF_ELEMENTS>::element_size() [with ListOfTypes = touchgfx::meta::TypeList<Screen1View, touchgfx::meta::TypeList<touchgfx::meta::Nil, touchgfx::meta::Nil> >; short unsigned int NUMBER_OF_ELEMENTS = 1]	0	static
Partition.hpp:128:19:void* touchgfx::Partition<ListOfTypes, NUMBER_OF_ELEMENTS>::element(uint16_t) [with ListOfTypes = touchgfx::meta::TypeList<Screen1View, touchgfx::meta::TypeList<touchgfx::meta::Nil, touchgfx::meta::Nil> >; short unsigned int NUMBER_OF_ELEMENTS = 1]	0	static
Partition.hpp:144:25:const void* touchgfx::Partition<ListOfTypes, NUMBER_OF_ELEMENTS>::element(uint16_t) const [with ListOfTypes = touchgfx::meta::TypeList<Screen1View, touchgfx::meta::TypeList<touchgfx::meta::Nil, touchgfx::meta::Nil> >; short unsigned int NUMBER_OF_ELEMENTS = 1]	0	static
Partition.hpp:94:22:uint16_t touchgfx::Partition<ListOfTypes, NUMBER_OF_ELEMENTS>::capacity() const [with ListOfTypes = touchgfx::meta::TypeList<Screen2Presenter, touchgfx::meta::TypeList<touchgfx::meta::Nil, touchgfx::meta::Nil> >; short unsigned int NUMBER_OF_ELEMENTS = 1]	0	static
Partition.hpp:110:22:uint32_t touchgfx::Partition<ListOfTypes, NUMBER_OF_ELEMENTS>::element_size() [with ListOfTypes = touchgfx::meta::TypeList<Screen2Presenter, touchgfx::meta::TypeList<touchgfx::meta::Nil, touchgfx::meta::Nil> >; short unsigned int NUMBER_OF_ELEMENTS = 1]	0	static
Partition.hpp:128:19:void* touchgfx::Partition<ListOfTypes, NUMBER_OF_ELEMENTS>::element(uint16_t) [with ListOfTypes = touchgfx::meta::TypeList<Screen2Presenter, touchgfx::meta::TypeList<touchgfx::meta::Nil, touchgfx::meta::Nil> >; short unsigned int NUMBER_OF_ELEMENTS = 1]	0	static
Partition.hpp:144:25:const void* touchgfx::Partition<ListOfTypes, NUMBER_OF_ELEMENTS>::element(uint16_t) const [with ListOfTypes = touchgfx::meta::TypeList<Screen2Presenter, touchgfx::meta::TypeList<touchgfx::meta::Nil, touchgfx::meta::Nil> >; short unsigned int NUMBER_OF_ELEMENTS = 1]	0	static
HAL.hpp:866:18:virtual void touchgfx::HAL::setFrameBufferStartAddresses(void*, void*, void*)	16	static
LCD16bpp.hpp:196:22:virtual uint16_t touchgfx::LCD16bpp::framebufferStride() const	8	static
FrontendHeapBase.hpp:81:18:virtual void FrontendHeapBase::gotoStartScreen(FrontendApplication&)	0	static
Partition.hpp:79:13:touchgfx::Partition<ListOfTypes, NUMBER_OF_ELEMENTS>::~Partition() [with ListOfTypes = touchgfx::meta::TypeList<touchgfx::SlideTransition<(touchgfx::Direction)2>, touchgfx::meta::TypeList<touchgfx::meta::Nil, touchgfx::meta::Nil> >; short unsigned int NUMBER_OF_ELEMENTS = 1]	8	static
Partition.hpp:79:13:touchgfx::Partition<ListOfTypes, NUMBER_OF_ELEMENTS>::~Partition() [with ListOfTypes = touchgfx::meta::TypeList<touchgfx::SlideTransition<(touchgfx::Direction)2>, touchgfx::meta::TypeList<touchgfx::meta::Nil, touchgfx::meta::Nil> >; short unsigned int NUMBER_OF_ELEMENTS = 1]	8	static
Partition.hpp:79:13:touchgfx::Partition<ListOfTypes, NUMBER_OF_ELEMENTS>::~Partition() [with ListOfTypes = touchgfx::meta::TypeList<Screen1View, touchgfx::meta::TypeList<touchgfx::meta::Nil, touchgfx::meta::Nil> >; short unsigned int NUMBER_OF_ELEMENTS = 1]	8	static
Partition.hpp:79:13:touchgfx::Partition<ListOfTypes, NUMBER_OF_ELEMENTS>::~Partition() [with ListOfTypes = touchgfx::meta::TypeList<Screen1View, touchgfx::meta::TypeList<touchgfx::meta::Nil, touchgfx::meta::Nil> >; short unsigned int NUMBER_OF_ELEMENTS = 1]	8	static
Partition.hpp:79:13:touchgfx::Partition<ListOfTypes, NUMBER_OF_ELEMENTS>::~Partition() [with ListOfTypes = touchgfx::meta::TypeList<Screen2Presenter, touchgfx::meta::TypeList<touchgfx::meta::Nil, touchgfx::meta::Nil> >; short unsigned int NUMBER_OF_ELEMENTS = 1]	8	static
Partition.hpp:79:13:touchgfx::Partition<ListOfTypes, NUMBER_OF_ELEMENTS>::~Partition() [with ListOfTypes = touchgfx::meta::TypeList<Screen2Presenter, touchgfx::meta::TypeList<touchgfx::meta::Nil, touchgfx::meta::Nil> >; short unsigned int NUMBER_OF_ELEMENTS = 1]	8	static
FrontendHeap.hpp:6:7:FrontendHeap::~FrontendHeap()	8	static
FrontendHeap.hpp:56:29:void __tcf_0()	8	static
FrontendHeap.hpp:6:7:virtual FrontendHeap::~FrontendHeap()	8	static
HAL.hpp:821:18:virtual void touchgfx::HAL::setFrameBufferStartAddress(void*, uint16_t, bool, bool)	32	static
BoardConfiguration.cpp:139:13:void LCD_IO_Init()	8	static
BoardConfiguration.cpp:150:13:void LCD_IO_WriteReg(uint8_t)	16	static
BoardConfiguration.cpp:166:13:void LCD_IO_WriteData(uint16_t)	16	static
BoardConfiguration.cpp:186:17:uint32_t LCD_IO_ReadData(uint16_t, uint8_t)	24	static
BoardConfiguration.cpp:213:6:void LCD_Delay(uint32_t)	0	static
BoardConfiguration.cpp:218:10:uint32_t LCD_GetXSize()	0	static
BoardConfiguration.cpp:223:10:uint32_t LCD_GetYSize()	0	static
BoardConfiguration.cpp:229:6:void GRAPHICS_HW_Init()	8	static
BoardConfiguration.cpp:252:6:void touchgfx::touchgfx_init()	40	static
BoardConfiguration.cpp:280:6:void GRAPHICS_Init()	0	static
BoardConfiguration.cpp:285:6:void GRAPHICS_MainTask()	0	static
BoardConfiguration.cpp:288:1:cpp)	8	static
BoardConfiguration.cpp:288:1:cpp)	0	static
