HW_Init.cpp:92:6:void MX_LCD_Init()	72	static
HW_Init.cpp:149:6:void MX_FMC_Init()	48	static
HW_Init.cpp:201:6:void MX_SDRAM_InitEx()	40	static
HW_Init.cpp:257:6:void MX_DMA2D_Init()	8	static
HW_Init.cpp:283:6:void HAL_LTDC_MspInit(LTDC_HandleTypeDef*)	72	static
HW_Init.cpp:390:6:void HAL_LTDC_MspDeInit(LTDC_HandleTypeDef*)	8	static
HW_Init.cpp:556:6:void HAL_SDRAM_MspInit(SDRAM_HandleTypeDef*)	48	static
HW_Init.cpp:642:6:void HAL_SDRAM_MspDeInit(SDRAM_HandleTypeDef*)	8	static
HW_Init.cpp:652:6:void HAL_DMA2D_MspInit(DMA2D_HandleTypeDef*)	16	static
HW_Init.cpp:671:6:void HAL_DMA2D_MspDeInit(DMA2D_HandleTypeDef*)	0	static
