DMA.hpp:358:21:virtual touchgfx::DMAType touchgfx::DMA_Interface::getDMAType()	0	static
HAL.hpp:133:18:virtual void touchgfx::HAL::setDisplayOrientation(touchgfx::DisplayOrientation)	0	static
HAL.hpp:394:28:virtual touchgfx::BlitOperations touchgfx::HAL::getBlitCaps()	0	static
HAL.hpp:775:18:virtual bool touchgfx::HAL::sampleKey(uint8_t&)	0	static
HAL.hpp:1220:18:virtual void touchgfx::HAL::taskDelay(uint16_t)	0	static
STM32F4HAL.cpp:18:11:virtual uint16_t* STM32F4HAL::getTFTFrameBuffer() const	0	static
STM32F4HAL.cpp:23:6:virtual void STM32F4HAL::setTFTFrameBuffer(uint16_t*)	0	static
STM32F4HAL.cpp:31:10:virtual uint16_t STM32F4HAL::getTFTCurrentLine()	0	static
STM32F4HAL.cpp:52:6:virtual void STM32F4HAL::configureInterrupts()	0	static
STM32F4HAL.hpp:17:7:STM32F4HAL::~STM32F4HAL()	0	static
STM32F4HAL.cpp:63:6:virtual void STM32F4HAL::enableLCDControllerInterrupt()	8	static
HAL.hpp:719:18:virtual void touchgfx::HAL::backPorchExited()	8	static
HAL.hpp:866:18:virtual void touchgfx::HAL::setFrameBufferStartAddresses(void*, void*, void*)	16	static
STM32F4HAL.hpp:17:7:virtual STM32F4HAL::~STM32F4HAL()	8	static
HAL.hpp:1410:18:virtual void touchgfx::HAL::performDisplayOrientationChange()	8	static
STM32F4HAL.cpp:72:6:virtual void STM32F4HAL::disableInterrupts()	0	static,ignoring_inline_asm
STM32F4HAL.cpp:79:6:virtual void STM32F4HAL::enableInterrupts()	0	static
HAL.hpp:1264:21:virtual touchgfx::DMAType touchgfx::HAL::getDMAType()	0	static
HAL.hpp:821:18:virtual void touchgfx::HAL::setFrameBufferStartAddress(void*, uint16_t, bool, bool)	32	static
STM32F4HAL.cpp:87:6:void HAL_LTDC_LineEventCallback(LTDC_HandleTypeDef*)	8	static
