MCUInstrumentation.hpp:122:22:virtual uint32_t touchgfx::MCUInstrumentation::getCCConsumed()	0	static
MCUInstrumentation.hpp:136:18:virtual void touchgfx::MCUInstrumentation::setCCConsumed(uint32_t)	0	static
STM32F4Instrumentation.cpp:68:14:virtual unsigned int touchgfx::STM32F4Instrumentation::getElapsedUS(unsigned int, unsigned int, unsigned int)	0	static
STM32F4Instrumentation.cpp:73:14:virtual unsigned int touchgfx::STM32F4Instrumentation::getCPUCycles()	0	static
STM32F4Instrumentation.hpp:48:7:touchgfx::STM32F4Instrumentation::~STM32F4Instrumentation()	0	static
STM32F4Instrumentation.cpp:16:6:virtual void touchgfx::STM32F4Instrumentation::init()	72	static
STM32F4Instrumentation.hpp:48:7:virtual touchgfx::STM32F4Instrumentation::~STM32F4Instrumentation()	8	static
STM32F4Instrumentation.cpp:78:6:virtual void touchgfx::STM32F4Instrumentation::setMCUActive(bool)	8	static
